[001] OK :: 'i'
[002] OK :: 'if'
[003] OK :: 'if '
[004] OK :: 'if 1'
[005] OK :: 'if 1 '
[006] OK :: 'if 1 ['
[007] OK :: 'if 1 [pr'
[008] OK :: 'if 1 [pri'
[009] OK :: 'if 1 [print '
[010] OK :: 'if 1 [print "ok"'
[011] OK :: 'u'
[012] OK :: 'un'
[013] OK :: 'unl'
[014] OK :: 'unle'
[015] OK :: 'unles'
[016] OK :: 'unless'
[017] OK :: 'unless false'
[018] OK :: 'unless false '
[019] OK :: 'unless false ['
[020] OK :: 'unless false [prin'
[021] OK :: 'unless false [print "o'
[022] OK :: 'unless false [print "ok"'
[023] OK :: 'w'
[024] OK :: 'wh'
[025] OK :: 'whi'
[026] OK :: 'while '
[027] OK :: 'while ['
[028] OK :: 'while [i < 3'
[029] OK :: 'while [i < 3]'
[030] OK :: 'while [i < 3] '
[031] OK :: 'while [i < 3] [i'
[032] OK :: 'while [i < 3] [i:'
[033] OK :: 'while [i < 3] [i: '
[034] OK :: 'while [i < 3] [i: i'
[035] OK :: 'while [i < 3] [i: i + 1'
[036] OK :: 's'
[037] OK :: 'sw'
[038] OK :: 'swi'
[039] OK :: 'switch'
[040] OK :: 'switch 1 '
[041] OK :: 'switch 1 -'
[042] OK :: 'switch 1 -> pr'
[043] OK :: 'switch 1 -> pri'
[044] OK :: 'switch 1 -> print "o'
[045] OK :: 'switch 1 -> print "one" -> pri'
[046] OK :: 'switch 1 -> print "one" -> print '
[047] OK :: 'switch 1 -> print "one" -> print "other'
[048] OK :: 'f'
[049] OK :: 'f:'
[050] OK :: 'f: '
[051] OK :: 'f: fun'
[052] OK :: 'f: func'
[053] OK :: 'f: function '
[054] OK :: 'f: function ['
[055] OK :: 'f: function [x y'
[056] OK :: 'f: function [x y]'
[057] OK :: 'f: function [x y] '
[058] OK :: 'f: function [x y] [x'
[059] OK :: 'f: function [x y] [x + '
[060] OK :: 'f: function [x y] [x + y'
[061] OK :: 'g'
[062] OK :: 'g:'
[063] OK :: 'g: '
[064] OK :: 'g: generat'
[065] OK :: 'g: generator '
[066] OK :: 'g: generator ['
[067] OK :: 'g: generator [n'
[068] OK :: 'g: generator [n]'
[069] OK :: 'g: generator [n] [lo'
[070] OK :: 'g: generator [n] [loop 1..n'
[071] OK :: "g: generator [n] [loop 1..n '"
[072] OK :: "g: generator [n] [loop 1..n 'i"
[073] OK :: "g: generator [n] [loop 1..n 'i [yie"
[074] OK :: "g: generator [n] [loop 1..n 'i [yield "
[075] OK :: "g: generator [n] [loop 1..n 'i [yield i]"
[076] OK :: 'i'
[077] OK :: 'it'
[078] OK :: 'it:'
[079] OK :: 'it: t'
[080] OK :: 'it: to'
[081] OK :: 'it: to :i'
[082] OK :: 'it: to :ite'
[083] OK :: 'it: to :iterat'
[084] OK :: 'it: to :iterator'
[085] OK :: 'it: to :iterator 1..1'
[086] OK :: 'm'
[087] OK :: 'ma'
[088] OK :: 'map'
[089] OK :: 'mapped'
[090] OK :: 'mapped:'
[091] OK :: 'mapped: i'
[092] OK :: 'mapped: it'
[093] OK :: 'mapped: it | m'
[094] OK :: 'mapped: it | map'
[095] OK :: 'mapped: it | map.'
[096] OK :: 'mapped: it | map.i'
[097] OK :: 'mapped: it | map.itera'
[098] OK :: 'mapped: it | map.iterator ='
[099] OK :: 'mapped: it | map.iterator => '
[100] OK :: 'mapped: it | map.iterator => ['
[101] OK :: 'mapped: it | map.iterator => [inc &'
[102] OK :: 'f'
[103] OK :: 'fi'
[104] OK :: 'fil'
[105] OK :: 'filter'
[106] OK :: 'filtere'
[107] OK :: 'filtered'
[108] OK :: 'filtered:'
[109] OK :: 'filtered: to :'
[110] OK :: 'filtered: to :iterator '
[111] OK :: 'filtered: to :iterator 1.'
[112] OK :: 'filtered: to :iterator 1..10 '
[113] OK :: 'filtered: to :iterator 1..10 | filter'
[114] OK :: 'filtered: to :iterator 1..10 | filter.'
[115] OK :: 'filtered: to :iterator 1..10 | filter.itera'
[116] OK :: "filtered: to :iterator 1..10 | filter.iterator 'x "
[117] OK :: "filtered: to :iterator 1..10 | filter.iterator 'x ["
[118] OK :: "filtered: to :iterator 1..10 | filter.iterator 'x [odd?"
[119] OK :: "filtered: to :iterator 1..10 | filter.iterator 'x [odd? x"
[120] OK :: 's'
[121] OK :: 'se'
[122] OK :: 'sel'
[123] OK :: 'selected'
[124] OK :: 'selected:'
[125] OK :: 'selected: to :'
[126] OK :: 'selected: to :ite'
[127] OK :: 'selected: to :iterator '
[128] OK :: 'selected: to :iterator 1..10 '
[129] OK :: 'selected: to :iterator 1..10 | select'
[130] OK :: 'selected: to :iterator 1..10 | select.'
[131] OK :: 'selected: to :iterator 1..10 | select.i'
[132] OK :: 'selected: to :iterator 1..10 | select.iterat'
[133] OK :: "selected: to :iterator 1..10 | select.iterator 'x "
[134] OK :: "selected: to :iterator 1..10 | select.iterator 'x ["
[135] OK :: "selected: to :iterator 1..10 | select.iterator 'x [e"
[136] OK :: "selected: to :iterator 1..10 | select.iterator 'x [even? x"
[137] OK :: 'c'
[138] OK :: 'ch'
[139] OK :: 'chu'
[140] OK :: 'chunks'
[141] OK :: 'chunks:'
[142] OK :: 'chunks: '
[143] OK :: 'chunks: r'
[144] OK :: 'chunks: read'
[145] OK :: 'chunks: read.'
[146] OK :: 'chunks: read.buffer'
[147] OK :: 'chunks: read.buffer:4.see'
[148] OK :: 'chunks: read.buffer:4.seek:8 '
[149] OK :: 'chunks: read.buffer:4.seek:8 "'
[150] OK :: 'chunks: read.buffer:4.seek:8 "data.'
[151] OK :: 'chunks: read.buffer:4.seek:8 "data.txt'
[152] OK :: 'w'
[153] OK :: 'wr'
[154] OK :: 'wri'
[155] OK :: 'write'
[156] OK :: 'write.'
[157] OK :: 'write.buffe'
[158] OK :: 'write.buffer'
[159] OK :: 'write.buffer:'
[160] OK :: 'write.buffer:2.seek'
[161] OK :: 'write.buffer:2.seek:4 '
[162] OK :: 'write.buffer:2.seek:4 ['
[163] OK :: 'write.buffer:2.seek:4 ["'
[164] OK :: 'write.buffer:2.seek:4 ["XY" "ZZ"'
[165] OK :: 'write.buffer:2.seek:4 ["XY" "ZZ"]'
[166] OK :: 'write.buffer:2.seek:4 ["XY" "ZZ"] "p'
[167] OK :: 'write.buffer:2.seek:4 ["XY" "ZZ"] "patch'
[168] OK :: 'write.buffer:2.seek:4 ["XY" "ZZ"] "patch.'
[169] OK :: 'write.buffer:2.seek:4 ["XY" "ZZ"] "patch.txt'
[170] OK :: 'r'
[171] OK :: 'ro'
[172] OK :: 'row'
[173] OK :: 'rows'
[174] OK :: 'rows:'
[175] OK :: 'rows: read.'
[176] OK :: 'rows: read.cs'
[177] OK :: 'rows: read.csv'
[178] OK :: 'rows: read.csv.'
[179] OK :: 'rows: read.csv.stream.'
[180] OK :: 'rows: read.csv.stream.withHeaders'
[181] OK :: 'rows: read.csv.stream.withHeaders "ta'
[182] OK :: 'rows: read.csv.stream.withHeaders "table.cs'
[183] OK :: 'rows: read.csv.stream.withHeaders "table.csv'
[184] OK :: 'p'
[185] OK :: 'pr'
[186] OK :: 'pri'
[187] OK :: 'print.'
[188] OK :: 'print.lines '
[189] OK :: 'print.lines map'
[190] OK :: 'print.lines map.'
[191] OK :: 'print.lines map.ite'
[192] OK :: 'print.lines map.iterator '
[193] OK :: 'print.lines map.iterator to '
[194] OK :: 'print.lines map.iterator to :'
[195] OK :: 'print.lines map.iterator to :iterator '
[196] OK :: "print.lines map.iterator to :iterator 1..3 'x "
[197] OK :: "print.lines map.iterator to :iterator 1..3 'x ["
[198] OK :: "print.lines map.iterator to :iterator 1..3 'x [x+1"
[199] OK :: 's'
[200] OK :: 'se'
[201] OK :: 'see'
[202] OK :: 'seek'
[203] OK :: 'seek.'
[204] OK :: 'seek.rela'
[205] OK :: 'seek.relati'
[206] OK :: 'seek.relative'
[207] OK :: 'seek.relative c'
[208] OK :: 'seek.relative ch'
[209] OK :: 'seek.relative chunks '
[210] OK :: 's'
[211] OK :: 'se'
[212] OK :: 'see'
[213] OK :: 'seek'
[214] OK :: 'seek.e'
[215] OK :: 'seek.en'
[216] OK :: 'seek.end'
[217] OK :: 'seek.end chu'
[218] OK :: 'seek.end chunks '

ALL_FUZZ_PREFIX_CASES_OK (218 cases)
